---
source: crates/rolldown/tests/common/case.rs
expression: content
input_file: crates/rolldown/tests/esbuild/dce/dce_of_destructuring
---
# Assets

## entry_js.mjs

```js

//#region entry.js
var remove1, remove2 = null, KEEP1 = x, [remove3] = [], [remove4,...remove5] = [...[1, 2], 3], [,,remove6] = [, , 3], [KEEP2] = [x], [KEEP3] = [...{}], {KEEP4} = {};

//#endregion
```
